>; [Issue #295](https://github.com/mark-wiemer/vscode-autohotkey-plus-plus/issues/295)
#^ source.ahk comment.line.semicolon.ahk punctuation.definition.comment.ahk
# ^^^^^^^^^^^^^^^^^^^^^^^^^^^^^^^^^^^^^^^^^^^^^^^^^^^^^^^^^^^^^^^^^^^^^^^^^^^^^^^^^^^^ source.ahk comment.line.semicolon.ahk
>ToolTip
#^^^^^^^ source.ahk support.function.ahk
>ToolTip ;Comment
#^^^^^^^ source.ahk support.function.ahk
#       ^ source.ahk
#        ^ source.ahk comment.line.semicolon.ahk punctuation.definition.comment.ahk
#         ^^^^^^^ source.ahk comment.line.semicolon.ahk
>ToolTip;NotComment
#^^^^^^^ source.ahk support.function.ahk
#       ^ source.ahk
#        ^^^^^^^^^^ source.ahk variable.def.ahk
>OpenLabel:
#^^^^^^^^^^ source.ahk labelline.ahk entity.name.function.label.ahk
>OpenLabel: ;Comment
#^^^^^^^^^^ source.ahk labelline.ahk entity.name.function.label.ahk
#          ^^^^^^^^^ source.ahk labelline.ahk comment.line.semicolon.label.ahk
>OpenLabel:;NotComment
#^^^^^^^^^ source.ahk variable.def.ahk
#         ^ source.ahk punctuation.ahk
#          ^ source.ahk
#           ^^^^^^^^^^ source.ahk variable.def.ahk
>#KeyHistory
#^^^^^^^^^^^ source.ahk keyword.control.directives.ahk
>#KeyHistory MaxEvents
#^^^^^^^^^^^ source.ahk keyword.control.directives.ahk
#           ^^^^^^^^^^ source.ahk keyword.control.directives.ahk string.parameter.directives.ahk
>#KeyHistory MaxEvents ;Comment
#^^^^^^^^^^^ source.ahk keyword.control.directives.ahk
#           ^^^^^^^^^^ source.ahk keyword.control.directives.ahk string.parameter.directives.ahk
#                     ^^^^^^^^^ source.ahk keyword.control.directives.ahk comment.line.semicolon.directive.ahk
>#KeyHistory MaxEvents;NotComment
#^^^^^^^^^^^ source.ahk keyword.control.directives.ahk
#           ^^^^^^^^^^^^^^^^^^^^^ source.ahk keyword.control.directives.ahk string.parameter.directives.ahk
>